[swendl.com/index.html]
[www.google-analytics.com/analytics.js]
[backblue.gif]
[fade.gif]
[index.html]
[swendl.com/favicon.ico]
[swendl.com/style.css]
[swendl.com/css/all.min.css]
[swendl.com/images/logo.png]
[swendl.com/images/logo-white.png]
[swendl.com/inproccess.html]
[swendl.com/images/blackvideo.gif]
[i.ibb.co/BZFvKDq/Untitled-1.jpg]
[swendl.com/images/sayvideo.gif]
[i.ibb.co/Sv9bzFf/Lets-Go.jpg]
[swendl.com/js/jquery.min.js]
[cdnjs.cloudflare.com/ajax/libs/gsap/3.10.4/gsap.min.js]
[cdnjs.cloudflare.com/ajax/libs/gsap/3.10.4/ScrollTrigger.min.js]
[cdnjs.cloudflare.com/ajax/libs/gsap/3.10.4/ScrollToPlugin.min.js]
[cdnjs.cloudflare.com/ajax/libs/gsap/3.10.4/Draggable.min.js]
[cdnjs.cloudflare.com/ajax/libs/gsap/3.10.4/EasePack.min.js]
[cdnjs.cloudflare.com/ajax/libs/ScrollMagic/2.0.7/ScrollMagic.min.js]
[cdnjs.cloudflare.com/ajax/libs/ScrollMagic/2.0.8/plugins/animation.gsap.min.js]
[cdnjs.cloudflare.com/ajax/libs/three.js/r128/three.min.js]
[cdnjs.cloudflare.com/ajax/libs/jquery.imagesloaded/5.0.0/imagesloaded.pkgd.min.js]
[swendl.com/js/clapatwebgl.js]
[swendl.com/js/plugins.js]
[swendl.com/js/common.js]
[swendl.com/js/contact.js]
[swendl.com/index.html]
[swendl.com/js/scripts.js]
[swendl.com/css/content.css]
[swendl.com/css/showcase.css]
[swendl.com/css/portfolio.css]
[swendl.com/css/shortcodes.css]
[swendl.com/css/assets.css]
[swendl.com/webfonts/fontsfree-net-basisgrotesquepro-regular-webfont.woff2]
[swendl.com/webfonts/fontsfree-net-basisgrotesquepro-regular-webfont.woff]
[swendl.com/webfonts/fontsfree-net-basisgrotesquepro-medium-webfont.woff2]
[swendl.com/webfonts/fontsfree-net-basisgrotesquepro-medium-webfont.woff]
[swendl.com/images/rotate.png]
[swendl.com/style.css]
[swendl.com/webfonts/fa-brands-400.woff2]
[swendl.com/webfonts/fa-brands-400.ttf]
[swendl.com/webfonts/fa-regular-400.woff2]
[swendl.com/webfonts/fa-regular-400.ttf]
[swendl.com/webfonts/fa-solid-900.woff2]
[swendl.com/webfonts/fa-solid-900.ttf]
[swendl.com/webfonts/fa-v4compatibility.woff2]
[swendl.com/css/all.min.css]
[swendl.com/webfonts/fa-v4compatibility.ttf]
[swendl.com/images/404.jpg]
[swendl.com/inproccess.html]
[swendl.com/css/content.css]
[swendl.com/css/showcase.css]
[swendl.com/css/portfolio.css]
[swendl.com/css/shortcodes.css]
[swendl.com/css/assets.css]
